gcc -g p4original.c
 ./a.out
enter the three numbers
8
9
10
10 is the largest of three
 gdb a.out
GNU gdb (Ubuntu 8.1.1-0ubuntu1) 8.1.1
Copyright (C) 2018 Free Software Foundation, Inc.
License GPLv3+: GNU GPL version 3 or later <http://gnu.org/licenses/gpl.html>
This is free software: you are free to change and redistribute it.
There is NO WARRANTY, to the extent permitted by law.  Type "show copying"
and "show warranty" for details.
This GDB was configured as "x86_64-linux-gnu".
Type "show configuration" for configuration details.
For bug reporting instructions, please see:
<http://www.gnu.org/software/gdb/bugs/>.
Find the GDB manual and other documentation resources online at:
<http://www.gnu.org/software/gdb/documentation/>.
For help, type "help".
Type "apropos word" to search for commands related to "word"...
Reading symbols from a.out...done.
(gdb) b main
Breakpoint 1 at 0x7f3: file p4original.c, line 36.
(gdb) r
Starting program: /home/runner/pps-test1-Divyakn52-4/a.out 
warning: Error disabling address space randomization: Operation not permitted

Breakpoint 1, main () at p4original.c:36
36    printf("enter the three numbers\n");
(gdb) n
enter the three numbers
37    a=input();
(gdb) n
8
38    b=input();
(gdb) n
9
39    c=input();
(gdb) n
10
40    large=cmp(a,b,c);
(gdb) n
41    printf("%d is the largest of three\n",large);
(gdb) n
10 is the largest of three
42  }(gdb) q
A debugging session is active.

    Inferior 1 [process 108] will be killed.

Quit anyway? (y or n) y
 