gcc -g p6final.c
 ./a.out

 enter a number
5
/n sum ofn=10
 gdb a.out
GNU gdb (Ubuntu 8.1.1-0ubuntu1) 8.1.1
Copyright (C) 2018 Free Software Foundation, Inc.
License GPLv3+: GNU GPL version 3 or later <http://gnu.org/licenses/gpl.html>
This is free software: you are free to change and redistribute it.
There is NO WARRANTY, to the extent permitted by law.  Type "show copying"
and "show warranty" for details.
This GDB was configured as "x86_64-linux-gnu".
Type "show configuration" for configuration details.
For bug reporting instructions, please see:
<http://www.gnu.org/software/gdb/bugs/>.
Find the GDB manual and other documentation resources online at:
<http://www.gnu.org/software/gdb/documentation/>.
For help, type "help".
Type "apropos word" to search for commands related to "word"...
Reading symbols from a.out...done.
(gdb) b main
Breakpoint 1 at 0x772: file p6final.c, line 3.
(gdb) r
Starting program: /home/runner/pps-test1-Divyakn52-4/a.out 
warning: Error disabling address space randomization: Operation not permitted

Breakpoint 1, main () at p6final.c:3
3   {
(gdb) n
4     int i, n, sum=0;
(gdb) n
6     printf("\n enter a number\n");
(gdb) n

 enter a number
7     scanf("%d" , &n);    //5
(gdb) n
7
9     for(i=0;i<n; i++)     //i=5
(gdb) n
11        sum=sum + i;
(gdb) p i
$1 = 0
(gdb) n
9     for(i=0;i<n; i++)     //i=5
(gdb) p sum
$2 = 0
(gdb) n
11        sum=sum + i;
(gdb) p i
$3 = 1
(gdb) n
9     for(i=0;i<n; i++)     //i=5
(gdb) p i
$4 = 1
(gdb) n
11        sum=sum + i;
(gdb) p sum
$5 = 1
(gdb) n
9     for(i=0;i<n; i++)     //i=5
(gdb) p i
$6 = 2
(gdb) n
11        sum=sum + i;
(gdb) p sum
$7 = 3
(gdb) n
9     for(i=0;i<n; i++)     //i=5
(gdb) p i
$8 = 3
(gdb) n
11        sum=sum + i;
 
 gcc -g p6final.c
 ./a.out

 enter a number
5
1+
2+
3+
4+
5 is 10
 gdb a.out
GNU gdb (Ubuntu 8.1.1-0ubuntu1) 8.1.1
Copyright (C) 2018 Free Software Foundation, Inc.
License GPLv3+: GNU GPL version 3 or later <http://gnu.org/licenses/gpl.html>
This is free software: you are free to change and redistribute it.
There is NO WARRANTY, to the extent permitted by law.  Type "show copying"
and "show warranty" for details.
This GDB was configured as "x86_64-linux-gnu".
Type "show configuration" for configuration details.
For bug reporting instructions, please see:
<http://www.gnu.org/software/gdb/bugs/>.
Find the GDB manual and other documentation resources online at:
<http://www.gnu.org/software/gdb/documentation/>.
For help, type "help".
Type "apropos word" to search for commands related to "word"...
Reading symbols from a.out...done.
(gdb) b main
Breakpoint 1 at 0x772: file p6final.c, line 3.
(gdb) r
Starting program: /home/runner/pps-test1-Divyakn52-4/a.out 
warning: Error disabling address space randomization: Operation not permitted

Breakpoint 1, main () at p6final.c:3
3   {
(gdb) n
4     int i, n, sum=0;
(gdb) n
6      printf("\n enter a number\n");
(gdb) n

 enter a number
7      scanf("%d" , &n);    //5
(gdb) n
7
9      for(i=0;i<n; i++)     //i=5
(gdb) p i
$1 = -1735037344
(gdb) n
11        sum=sum + i;
(gdb) p sum
$2 = 0
(gdb) n
9      for(i=0;i<n; i++)     //i=5
(gdb) p i
$3 = 0
(gdb) n
11        sum=sum + i;
(gdb) p sum
$4 = 0
(gdb) n
9      for(i=0;i<n; i++)     //i=5
(gdb) p i
$5 = 1
(gdb) n
11        sum=sum + i;
(gdb) p sum
$6 = 1
(gdb) n
9      for(i=0;i<n; i++)     //i=5
(gdb) p i
$7 = 2
(gdb) n
 
 gcc -g p6final.c
 ./a.out

 enter a number
5
1+
2+
3+
4+
5 is 10
 gdb a.out
GNU gdb (Ubuntu 8.1.1-0ubuntu1) 8.1.1
Copyright (C) 2018 Free Software Foundation, Inc.
License GPLv3+: GNU GPL version 3 or later <http://gnu.org/licenses/gpl.html>
This is free software: you are free to change and redistribute it.
There is NO WARRANTY, to the extent permitted by law.  Type "show copying"
and "show warranty" for details.
This GDB was configured as "x86_64-linux-gnu".
Type "show configuration" for configuration details.
For bug reporting instructions, please see:
<http://www.gnu.org/software/gdb/bugs/>.
Find the GDB manual and other documentation resources online at:
<http://www.gnu.org/software/gdb/documentation/>.
For help, type "help".
Type "apropos word" to search for commands related to "word"...
Reading symbols from a.out...done.
(gdb) b main
Breakpoint 1 at 0x772: file p6final.c, line 3.
(gdb) r
Starting program: /home/runner/pps-test1-Divyakn52-4/a.out 
warning: Error disabling address space randomization: Operation not permitted

Breakpoint 1, main () at p6final.c:3
3   {
(gdb) n
4     int i, n, sum=0;
(gdb) n
6      printf("\n enter a number\n");
(gdb) n

 enter a number
7      scanf("%d" , &n);    //5
(gdb) n
5
9      for(i=0;i<n; i++)     //i=5
(gdb) n
11        sum=sum + i;
(gdb) p i
$1 = 0
(gdb) n
9      for(i=0;i<n; i++)     //i=5
(gdb) p sum
$2 = 0
(gdb) n
11        sum=sum + i;
(gdb) p i
$3 = 1
(gdb) n
9      for(i=0;i<n; i++)     //i=5
(gdb) p sum
$4 = 1
(gdb) n
11        sum=sum + i;
(gdb) p i
$5 = 2
 
 gcc -g p7original.c
 gdb a.out
GNU gdb (Ubuntu 8.1.1-0ubuntu1) 8.1.1
Copyright (C) 2018 Free Software Foundation, Inc.
License GPLv3+: GNU GPL version 3 or later <http://gnu.org/licenses/gpl.html>
This is free software: you are free to change and redistribute it.
There is NO WARRANTY, to the extent permitted by law.  Type "show copying"
and "show warranty" for details.
This GDB was configured as "x86_64-linux-gnu".
Type "show configuration" for configuration details.
For bug reporting instructions, please see:
<http://www.gnu.org/software/gdb/bugs/>.
Find the GDB manual and other documentation resources online at:
<http://www.gnu.org/software/gdb/documentation/>.
For help, type "help".
Type "apropos word" to search for commands related to "word"...
Reading symbols from a.out...done.
(gdb) b main
Breakpoint 1 at 0x8f1: file p7original.c, line 35.
(gdb) r
Starting program: /home/runner/pps-test1-Divyakn52-4/a.out 
warning: Error disabling address space randomization: Operation not permitted

Breakpoint 1, main () at p7original.c:35
 
 gcc -g p7original.c
 ./a.out
enter the size of array:
2
enter the values
1
7
1+7=8
 gdb a.out
GNU gdb (Ubuntu 8.1.1-0ubuntu1) 8.1.1
Copyright (C) 2018 Free Software Foundation, Inc.
License GPLv3+: GNU GPL version 3 or later <http://gnu.org/licenses/gpl.html>
This is free software: you are free to change and redistribute it.
There is NO WARRANTY, to the extent permitted by law.  Type "show copying"
and "show warranty" for details.
This GDB was configured as "x86_64-linux-gnu".
Type "show configuration" for configuration details.
For bug reporting instructions, please see:
<http://www.gnu.org/software/gdb/bugs/>.
Find the GDB manual and other documentation resources online at:
<http://www.gnu.org/software/gdb/documentation/>.
For help, type "help".
Type "apropos word" to search for commands related to "word"...
Reading symbols from a.out...done.
(gdb) b main
Breakpoint 1 at 0x8f1: file p7original.c, line 35.
(gdb) r
Starting program: /home/runner/pps-test1-Divyakn52-4/a.out 
warning: Error disabling address space randomization: Operation not permitted

Breakpoint 1, main () at p7original.c:35
35   {
(gdb) n
37     n=input_array_size();
(gdb) n
enter the size of array:
2
38     int a[n];
(gdb) n
39     array_input(n,a);
(gdb) n
enter the values
7
11
40     sum=sum_n_arrays(n,a);
(gdb) p sum
$1 = 32766
(gdb) n
41     output(n,a,sum);
(gdb) n
7+11=18
42   }(gdb) q
A debugging session is active.

    Inferior 1 [process 97] will be killed.

Quit anyway? (y or n) y
 